---
source: tests/integration_request_validation.rs
expression: xml
---
<testsuites>
    <testsuite name="openapi-validator-proxy" tests="1" failures="0">
        <testcase name="POST /pets failed_validation_unexpected_number" time="0.00">
            <system-out>
[[PROPERTY|correlationId=failed_validation_unexpected_number]]
[[PROPERTY|method=POST]]
[[PROPERTY|operationId=createPets]]
[[PROPERTY|path=/pets]]
[[PROPERTY|responseContentType=application/json]]
[[PROPERTY|statusCode=201]]
            </system-out>
        </testcase>
    </testsuite>
</testsuites>
