---
source: tests/integration.rs
expression: xml
---
<testsuites>
    <testsuite name="testsuite" tests="1" failures="1">
        <testcase name="invalid_status_code" time="0.00">
            <system-out>
[[PROPERTY|path=/pets]]
[[PROPERTY|method=GET]]
[[PROPERTY|statusCode=600]]
[[PROPERTY|operationId=listPets]]
            </system-out>
            <failure type="InvalidStatusCode" message="error">Response not found for status code</failure>
        </testcase>
    </testsuite>
</testsuites>
