---
source: tests/integration.rs
expression: xml
---
<testsuites>
    <testsuite name="testsuite" tests="1" failures="1">
        <testcase name="invalid_http_method" time="0.00">
            <system-out>
[[PROPERTY|path=/pets]]
[[PROPERTY|method=DELETE]]
[[PROPERTY|statusCode=405]]
            </system-out>
            <failure type="InvalidHTTPMethod" message="error">Invalid HTTP method</failure>
        </testcase>
    </testsuite>
</testsuites>
