---
source: tests/integration.rs
expression: xml
---
<testsuites>
    <testsuite name="testsuite" tests="1" failures="1">
        <testcase name="empty_body_200" time="0.00">
            <system-out>
[[PROPERTY|path=/pets/1]]
[[PROPERTY|method=DELETE]]
[[PROPERTY|pathParameter-petId=1]]
[[PROPERTY|statusCode=200]]
[[PROPERTY|operationId=deletePet]]
            </system-out>
            <failure type="InvalidStatusCode" message="error">Response not found for status code</failure>
        </testcase>
    </testsuite>
</testsuites>
