---
source: tests/integration.rs
expression: xml
---
<testsuites>
    <testsuite name="testsuite" tests="1" failures="1">
        <testcase name="mismatched_content_type_header" time="0.00">
            <system-out>
[[PROPERTY|path=/pets]]
[[PROPERTY|method=GET]]
[[PROPERTY|statusCode=200]]
[[PROPERTY|operationId=listPets]]
[[PROPERTY|responseContentType=wrong]]
            </system-out>
            <failure type="MismatchedContentTypeHeader" message="error">Spec does not contain matching response for Content-Type: wrong</failure>
        </testcase>
    </testsuite>
</testsuites>
