---
source: tests/integration.rs
expression: xml
---
<testsuites>
    <testsuite name="testsuite" tests="1" failures="1">
        <testcase name="mismatch_non_empty_body" time="0.00">
            <system-out>
[[PROPERTY|path=/pets/1]]
[[PROPERTY|method=GET]]
[[PROPERTY|pathParameter-petId=1]]
[[PROPERTY|statusCode=202]]
[[PROPERTY|operationId=showPetById]]
[[PROPERTY|responseContentType=]]
            </system-out>
            <failure type="MismatchNonEmptyBody" message="error">Receieved response body when empty body is expected</failure>
        </testcase>
    </testsuite>
</testsuites>
